// Jest Snapshot v1, https://goo.gl/fbAQLP

exports[`flow: flow.cjs.dev.js 1`] = `
"'use strict';

Object.defineProperty(exports, '__esModule', { value: true });

var a = "wow";

function doSomething(arg) {
  return "something" + arg;
}

exports.doSomething = doSomething;
exports.something = a;
"
`;

exports[`flow: flow.cjs.js 1`] = `
"'use strict';

if (process.env.NODE_ENV === "production") {
  module.exports = require("./flow.cjs.prod.js");
} else {
  module.exports = require("./flow.cjs.dev.js");
}
"
`;

exports[`flow: flow.cjs.js.flow 1`] = `
"// @flow
export * from "../src/index.js";
"
`;

exports[`flow: flow.cjs.prod.js 1`] = `
"'use strict';

Object.defineProperty(exports, '__esModule', { value: true });

var a = "wow";

function doSomething(arg) {
  return "something" + arg;
}

exports.doSomething = doSomething;
exports.something = a;
"
`;

exports[`flow: flow.esm.js 1`] = `
"var a = "wow";

function doSomething(arg) {
  return "something" + arg;
}

export { doSomething, a as something };
"
`;

exports[`flow: flow-export-default.cjs.dev.js 1`] = `
"'use strict';

Object.defineProperty(exports, '__esModule', { value: true });

function doSomething(arg) {
  return "something" + arg;
}
var index = "wow";

exports["default"] = index;
exports.doSomething = doSomething;
"
`;

exports[`flow: flow-export-default.cjs.js 1`] = `
"'use strict';

if (process.env.NODE_ENV === "production") {
  module.exports = require("./flow-export-default.cjs.prod.js");
} else {
  module.exports = require("./flow-export-default.cjs.dev.js");
}
"
`;

exports[`flow: flow-export-default.cjs.js.flow 1`] = `
"// @flow
export * from "../src/index.js";
export { default } from "../src/index.js";
"
`;

exports[`flow: flow-export-default.cjs.prod.js 1`] = `
"'use strict';

Object.defineProperty(exports, '__esModule', { value: true });

function doSomething(arg) {
  return "something" + arg;
}
var index = "wow";

exports["default"] = index;
exports.doSomething = doSomething;
"
`;

exports[`flow: flow-export-default.esm.js 1`] = `
"function doSomething(arg) {
  return "something" + arg;
}
var index = "wow";

export { index as default, doSomething };
"
`;

exports[`monorepo single package: some-scope-package-two-single-package.cjs.dev.js 1`] = `
"'use strict';

Object.defineProperty(exports, '__esModule', { value: true });

var index = 2;

exports["default"] = index;
"
`;

exports[`monorepo single package: some-scope-package-two-single-package.cjs.js 1`] = `
"'use strict';

if (process.env.NODE_ENV === "production") {
  module.exports = require("./some-scope-package-two-single-package.cjs.prod.js");
} else {
  module.exports = require("./some-scope-package-two-single-package.cjs.dev.js");
}
"
`;

exports[`monorepo single package: some-scope-package-two-single-package.cjs.prod.js 1`] = `
"'use strict';

Object.defineProperty(exports, '__esModule', { value: true });

var index = 2;

exports["default"] = index;
"
`;

exports[`monorepo single package: some-scope-package-two-single-package.esm.js 1`] = `
"var index = 2;

export { index as default };
"
`;

exports[`monorepo umd with dep on other module: some-scope-package-four-umd-with-dep.cjs.dev.js 1`] = `
"'use strict';

require('@some-scope/package-one-umd-with-dep');

"
`;

exports[`monorepo umd with dep on other module: some-scope-package-four-umd-with-dep.cjs.js 1`] = `
"'use strict';

if (process.env.NODE_ENV === "production") {
  module.exports = require("./some-scope-package-four-umd-with-dep.cjs.prod.js");
} else {
  module.exports = require("./some-scope-package-four-umd-with-dep.cjs.dev.js");
}
"
`;

exports[`monorepo umd with dep on other module: some-scope-package-four-umd-with-dep.cjs.prod.js 1`] = `
"'use strict';

require('@some-scope/package-one-umd-with-dep');

"
`;

exports[`monorepo umd with dep on other module: some-scope-package-four-umd-with-dep.umd.min.js 1`] = `
"!function(e,t){"object"==typeof exports&&"undefined"!=typeof module?t(require("react")):"function"==typeof define&&define.amd?define(["react"],t):t((e="undefined"!=typeof globalThis?globalThis:e||self).React)}(this,(function(e){"use strict";e.createElement("div",null)}));
//# sourceMappingURL=some-scope-package-four-umd-with-dep.umd.min.js.map
"
`;

exports[`monorepo umd with dep on other module: some-scope-package-four-umd-with-dep.umd.min.js.map 1`] = `"{"version":3,"file":"some-scope-package-four-umd-with-dep.umd.min.js","sources":["../../package-one/src/index.js"],"sourcesContent":["import { createElement } from \\"react\\";\\n\\ncreateElement(\\"div\\", null);"],"names":["createElement"],"mappings":"iPAEAA,EAAAA,cAAc,MAAO"}"`;

exports[`monorepo umd with dep on other module: some-scope-package-one-umd-with-dep.cjs.dev.js 1`] = `
"'use strict';

var react = require('react');

react.createElement("div", null);
"
`;

exports[`monorepo umd with dep on other module: some-scope-package-one-umd-with-dep.cjs.js 1`] = `
"'use strict';

if (process.env.NODE_ENV === "production") {
  module.exports = require("./some-scope-package-one-umd-with-dep.cjs.prod.js");
} else {
  module.exports = require("./some-scope-package-one-umd-with-dep.cjs.dev.js");
}
"
`;

exports[`monorepo umd with dep on other module: some-scope-package-one-umd-with-dep.cjs.prod.js 1`] = `
"'use strict';

var react = require('react');

react.createElement("div", null);
"
`;

exports[`monorepo umd with dep on other module: some-scope-package-one-umd-with-dep.umd.min.js 1`] = `
"!function(e,t){"object"==typeof exports&&"undefined"!=typeof module?t(require("react")):"function"==typeof define&&define.amd?define(["react"],t):t((e="undefined"!=typeof globalThis?globalThis:e||self).React)}(this,(function(e){"use strict";e.createElement("div",null)}));
//# sourceMappingURL=some-scope-package-one-umd-with-dep.umd.min.js.map
"
`;

exports[`monorepo umd with dep on other module: some-scope-package-one-umd-with-dep.umd.min.js.map 1`] = `"{"version":3,"file":"some-scope-package-one-umd-with-dep.umd.min.js","sources":["../src/index.js"],"sourcesContent":["import { createElement } from \\"react\\";\\n\\ncreateElement(\\"div\\", null);"],"names":["createElement"],"mappings":"iPAEAA,EAAAA,cAAc,MAAO"}"`;

exports[`monorepo umd with dep on other module: some-scope-package-three-umd-with-dep.cjs.dev.js 1`] = `
"'use strict';

require('@some-scope/package-one-umd-with-dep');

"
`;

exports[`monorepo umd with dep on other module: some-scope-package-three-umd-with-dep.cjs.js 1`] = `
"'use strict';

if (process.env.NODE_ENV === "production") {
  module.exports = require("./some-scope-package-three-umd-with-dep.cjs.prod.js");
} else {
  module.exports = require("./some-scope-package-three-umd-with-dep.cjs.dev.js");
}
"
`;

exports[`monorepo umd with dep on other module: some-scope-package-three-umd-with-dep.cjs.prod.js 1`] = `
"'use strict';

require('@some-scope/package-one-umd-with-dep');

"
`;

exports[`monorepo umd with dep on other module: some-scope-package-three-umd-with-dep.umd.min.js 1`] = `
"!function(e){"function"==typeof define&&define.amd?define(["@some-scope/package-one-umd-with-dep"],e):e()}((function(){}));
//# sourceMappingURL=some-scope-package-three-umd-with-dep.umd.min.js.map
"
`;

exports[`monorepo umd with dep on other module: some-scope-package-three-umd-with-dep.umd.min.js.map 1`] = `"{"version":3,"file":"some-scope-package-three-umd-with-dep.umd.min.js","sources":[],"sourcesContent":[],"names":[],"mappings":""}"`;

exports[`monorepo umd with dep on other module: some-scope-package-two-umd-with-dep.cjs.dev.js 1`] = `
"'use strict';

var react = require('react');

react.createElement("h1", null);
"
`;

exports[`monorepo umd with dep on other module: some-scope-package-two-umd-with-dep.cjs.js 1`] = `
"'use strict';

if (process.env.NODE_ENV === "production") {
  module.exports = require("./some-scope-package-two-umd-with-dep.cjs.prod.js");
} else {
  module.exports = require("./some-scope-package-two-umd-with-dep.cjs.dev.js");
}
"
`;

exports[`monorepo umd with dep on other module: some-scope-package-two-umd-with-dep.cjs.prod.js 1`] = `
"'use strict';

var react = require('react');

react.createElement("h1", null);
"
`;

exports[`monorepo umd with dep on other module: some-scope-package-two-umd-with-dep.umd.min.js 1`] = `
"!function(e,t){"object"==typeof exports&&"undefined"!=typeof module?t(require("react")):"function"==typeof define&&define.amd?define(["react"],t):t((e="undefined"!=typeof globalThis?globalThis:e||self).React)}(this,(function(e){"use strict";e.createElement("h1",null)}));
//# sourceMappingURL=some-scope-package-two-umd-with-dep.umd.min.js.map
"
`;

exports[`monorepo umd with dep on other module: some-scope-package-two-umd-with-dep.umd.min.js.map 1`] = `"{"version":3,"file":"some-scope-package-two-umd-with-dep.umd.min.js","sources":["../src/index.js"],"sourcesContent":["import { createElement } from \\"react\\";\\n\\ncreateElement(\\"h1\\", null);"],"names":["createElement"],"mappings":"iPAEAA,EAAAA,cAAc,KAAM"}"`;

exports[`monorepo: some-scope-package-one.cjs.dev.js 1`] = `
"'use strict';

Object.defineProperty(exports, '__esModule', { value: true });

var index = 1;

exports["default"] = index;
"
`;

exports[`monorepo: some-scope-package-one.cjs.js 1`] = `
"'use strict';

if (process.env.NODE_ENV === "production") {
  module.exports = require("./some-scope-package-one.cjs.prod.js");
} else {
  module.exports = require("./some-scope-package-one.cjs.dev.js");
}
"
`;

exports[`monorepo: some-scope-package-one.cjs.prod.js 1`] = `
"'use strict';

Object.defineProperty(exports, '__esModule', { value: true });

var index = 1;

exports["default"] = index;
"
`;

exports[`monorepo: some-scope-package-one.esm.js 1`] = `
"var index = 1;

export { index as default };
"
`;

exports[`monorepo: some-scope-package-two.cjs.dev.js 1`] = `
"'use strict';

Object.defineProperty(exports, '__esModule', { value: true });

var index = 2;

exports["default"] = index;
"
`;

exports[`monorepo: some-scope-package-two.cjs.js 1`] = `
"'use strict';

if (process.env.NODE_ENV === "production") {
  module.exports = require("./some-scope-package-two.cjs.prod.js");
} else {
  module.exports = require("./some-scope-package-two.cjs.dev.js");
}
"
`;

exports[`monorepo: some-scope-package-two.cjs.prod.js 1`] = `
"'use strict';

Object.defineProperty(exports, '__esModule', { value: true });

var index = 2;

exports["default"] = index;
"
`;

exports[`monorepo: some-scope-package-two.esm.js 1`] = `
"var index = 2;

export { index as default };
"
`;

exports[`no module: no-module.cjs.dev.js 1`] = `
"'use strict';

Object.defineProperty(exports, '__esModule', { value: true });

var index = "this does not have a module build";

exports["default"] = index;
"
`;

exports[`no module: no-module.cjs.js 1`] = `
"'use strict';

if (process.env.NODE_ENV === "production") {
  module.exports = require("./no-module.cjs.prod.js");
} else {
  module.exports = require("./no-module.cjs.dev.js");
}
"
`;

exports[`no module: no-module.cjs.prod.js 1`] = `
"'use strict';

Object.defineProperty(exports, '__esModule', { value: true });

var index = "this does not have a module build";

exports["default"] = index;
"
`;

exports[`prod checks: prod-checks.cjs.dev.js 1`] = `
"'use strict';

Object.defineProperty(exports, '__esModule', { value: true });

function thing() {
  if (process.env.NODE_ENV !== "production") {
    return "not prod";
  }
  return "prod";
}

exports.thing = thing;
"
`;

exports[`prod checks: prod-checks.cjs.js 1`] = `
"'use strict';

if (process.env.NODE_ENV === "production") {
  module.exports = require("./prod-checks.cjs.prod.js");
} else {
  module.exports = require("./prod-checks.cjs.dev.js");
}
"
`;

exports[`prod checks: prod-checks.cjs.prod.js 1`] = `
"'use strict';

Object.defineProperty(exports, '__esModule', { value: true });

function thing() {
  return "prod";
}

exports.thing = thing;
"
`;

exports[`umd with dep on other module: umd-with-dep.cjs.dev.js 1`] = `
"'use strict';

var react = require('react');

react.createElement("div", null);
"
`;

exports[`umd with dep on other module: umd-with-dep.cjs.js 1`] = `
"'use strict';

if (process.env.NODE_ENV === "production") {
  module.exports = require("./umd-with-dep.cjs.prod.js");
} else {
  module.exports = require("./umd-with-dep.cjs.dev.js");
}
"
`;

exports[`umd with dep on other module: umd-with-dep.cjs.prod.js 1`] = `
"'use strict';

var react = require('react');

react.createElement("div", null);
"
`;

exports[`umd with dep on other module: umd-with-dep.umd.min.js 1`] = `
"!function(e,t){"object"==typeof exports&&"undefined"!=typeof module?t(require("react")):"function"==typeof define&&define.amd?define(["react"],t):t((e="undefined"!=typeof globalThis?globalThis:e||self).React)}(this,(function(e){"use strict";e.createElement("div",null)}));
//# sourceMappingURL=umd-with-dep.umd.min.js.map
"
`;

exports[`umd with dep on other module: umd-with-dep.umd.min.js.map 1`] = `"{"version":3,"file":"umd-with-dep.umd.min.js","sources":["../src/index.js"],"sourcesContent":["import { createElement } from \\"react\\";\\n\\ncreateElement(\\"div\\", null);"],"names":["createElement"],"mappings":"iPAEAA,EAAAA,cAAc,MAAO"}"`;
