// Jest Snapshot v1, https://goo.gl/fbAQLP

exports[`two entrypoints where one requires the other entrypoint: dist/importing-another-entrypoint.cjs.dev.js 1`] = `
"'use strict';

Object.defineProperty(exports, '__esModule', { value: true });

let identity = x => x;

exports.identity = identity;
"
`;

exports[`two entrypoints where one requires the other entrypoint: dist/importing-another-entrypoint.cjs.js 1`] = `
"'use strict';

if (process.env.NODE_ENV === "production") {
  module.exports = require("./importing-another-entrypoint.cjs.prod.js");
} else {
  module.exports = require("./importing-another-entrypoint.cjs.dev.js");
}
"
`;

exports[`two entrypoints where one requires the other entrypoint: dist/importing-another-entrypoint.cjs.prod.js 1`] = `
"'use strict';

Object.defineProperty(exports, '__esModule', { value: true });

let identity = x => x;

exports.identity = identity;
"
`;

exports[`two entrypoints where one requires the other entrypoint: multiply/dist/importing-another-entrypoint-multiply.cjs.dev.js 1`] = `
"'use strict';

Object.defineProperty(exports, '__esModule', { value: true });

var dist_importingAnotherEntrypoint = require('../../dist/importing-another-entrypoint.cjs.dev.js');

let multiply = (a, b) => dist_importingAnotherEntrypoint.identity(a * b);

exports.multiply = multiply;
"
`;

exports[`two entrypoints where one requires the other entrypoint: multiply/dist/importing-another-entrypoint-multiply.cjs.js 1`] = `
"'use strict';

if (process.env.NODE_ENV === "production") {
  module.exports = require("./importing-another-entrypoint-multiply.cjs.prod.js");
} else {
  module.exports = require("./importing-another-entrypoint-multiply.cjs.dev.js");
}
"
`;

exports[`two entrypoints where one requires the other entrypoint: multiply/dist/importing-another-entrypoint-multiply.cjs.prod.js 1`] = `
"'use strict';

Object.defineProperty(exports, '__esModule', { value: true });

var dist_importingAnotherEntrypoint = require('../../dist/importing-another-entrypoint.cjs.prod.js');

let multiply = (a, b) => dist_importingAnotherEntrypoint.identity(a * b);

exports.multiply = multiply;
"
`;

exports[`two entrypoints where one requires the other entrypoint: src/index.js 1`] = `"export let identity = (x) => x;"`;

exports[`two entrypoints where one requires the other entrypoint: src/multiply.js 1`] = `
"import { identity } from "./index";

export let multiply = (a, b) => identity(a * b);"
`;

exports[`two entrypoints with a common dependency: dist/common-dependency-two-entrypoints.cjs.dev.js 1`] = `
"'use strict';

Object.defineProperty(exports, '__esModule', { value: true });

var identity = require('./identity-some-hash.cjs.dev.js');

let sum = (a, b) => identity.identity(a + b);

exports.identity = identity.identity;
exports.sum = sum;
"
`;

exports[`two entrypoints with a common dependency: dist/common-dependency-two-entrypoints.cjs.js 1`] = `
"'use strict';

if (process.env.NODE_ENV === "production") {
  module.exports = require("./common-dependency-two-entrypoints.cjs.prod.js");
} else {
  module.exports = require("./common-dependency-two-entrypoints.cjs.dev.js");
}
"
`;

exports[`two entrypoints with a common dependency: dist/common-dependency-two-entrypoints.cjs.prod.js 1`] = `
"'use strict';

Object.defineProperty(exports, '__esModule', { value: true });

var identity = require('./identity-some-hash.cjs.prod.js');

let sum = (a, b) => identity.identity(a + b);

exports.identity = identity.identity;
exports.sum = sum;
"
`;

exports[`two entrypoints with a common dependency: dist/common-dependency-two-entrypoints.esm.js 1`] = `
"import { i as identity } from './identity-some-hash.esm.js';
export { i as identity } from './identity-some-hash.esm.js';

let sum = (a, b) => identity(a + b);

export { sum };
"
`;

exports[`two entrypoints with a common dependency: dist/identity-this-is-not-the-real-hash-09d8aa2cd41dd37e55ea1ca5c8546d35.esm.js 1`] = `
"let identity = x => x;

export { identity as i };
"
`;

exports[`two entrypoints with a common dependency: dist/identity-this-is-not-the-real-hash-f57161fefd97e3101601d153708a46b8.cjs.dev.js 1`] = `
"'use strict';

let identity = x => x;

exports.identity = identity;
"
`;

exports[`two entrypoints with a common dependency: dist/identity-this-is-not-the-real-hash-f57161fefd97e3101601d153708a46b8.cjs.prod.js 1`] = `
"'use strict';

let identity = x => x;

exports.identity = identity;
"
`;

exports[`two entrypoints with a common dependency: multiply/dist/common-dependency-two-entrypoints-multiply.cjs.dev.js 1`] = `
"'use strict';

Object.defineProperty(exports, '__esModule', { value: true });

var identity = require('../../dist/identity-some-hash.cjs.dev.js');

let multiply = (a, b) => identity.identity(a * b);

exports.identity = identity.identity;
exports.multiply = multiply;
"
`;

exports[`two entrypoints with a common dependency: multiply/dist/common-dependency-two-entrypoints-multiply.cjs.js 1`] = `
"'use strict';

if (process.env.NODE_ENV === "production") {
  module.exports = require("./common-dependency-two-entrypoints-multiply.cjs.prod.js");
} else {
  module.exports = require("./common-dependency-two-entrypoints-multiply.cjs.dev.js");
}
"
`;

exports[`two entrypoints with a common dependency: multiply/dist/common-dependency-two-entrypoints-multiply.cjs.prod.js 1`] = `
"'use strict';

Object.defineProperty(exports, '__esModule', { value: true });

var identity = require('../../dist/identity-some-hash.cjs.prod.js');

let multiply = (a, b) => identity.identity(a * b);

exports.identity = identity.identity;
exports.multiply = multiply;
"
`;

exports[`two entrypoints with a common dependency: multiply/dist/common-dependency-two-entrypoints-multiply.esm.js 1`] = `
"import { i as identity } from '../../dist/identity-some-hash.esm.js';
export { i as identity } from '../../dist/identity-some-hash.esm.js';

let multiply = (a, b) => identity(a * b);

export { multiply };
"
`;

exports[`two entrypoints with a common dependency: src/identity.js 1`] = `"export let identity = (x) => x;"`;

exports[`two entrypoints with a common dependency: src/index.js 1`] = `
"import { identity } from "./identity";

export let sum = (a, b) => identity(a + b);

export { identity };"
`;

exports[`two entrypoints with a common dependency: src/multiply.js 1`] = `
"import { identity } from "./identity";

export let multiply = (a, b) => identity(a * b);

export { identity };"
`;
